Cleared old logs, deployments, and transaction artifacts.
=== VaultChain Africa Automation Bootstrap ===
[+] Detected Python packages to ensure: shutil, typing, web3, psutil, colorama, requests
All required packages already installed.
======================================================================
STAGE 1: Build and test smart contracts
Started at 2025-11-26T17:58:18.232833
======================================================================
$ forge --version
forge Version: 1.4.4-stable
Commit SHA: 05794498bf47257b144e2e2789a1d5bf8566be0e
Build Timestamp: 2025-11-03T23:47:37.546275200Z (1762213657)
Build Profile: maxperf
$ anvil --version
anvil Version: 1.4.4-stable
Commit SHA: 05794498bf47257b144e2e2789a1d5bf8566be0e
Build Timestamp: 2025-11-03T23:47:37.546275200Z (1762213657)
Build Profile: maxperf
$ forge clean
$ forge build
Compiling 95 files with Solc 0.8.30
Solc 0.8.30 finished in 10.92s
Compiler run successful with warnings:
Warning (5667): Unused function parameter. Remove or comment out the variable name to silence this warning.
  --> contracts/loan/LoanLogic.sol:73:56:
   |
73 |     function repayLoan(uint256 loanId, uint256 amount, address _payer)
   |                                                        ^^^^^^^^^^^^^^

Warning (5574): Contract code size is 34899 bytes and exceeds 24576 bytes (a limit introduced in Spurious Dragon). This contract may not be deployable on Mainnet. Consider enabling the optimizer (with a low "runs" value!), turning off revert strings, or using libraries.
  --> script/Deploy.s.sol:13:1:
   |
13 | contract Deploy is Script {
   | ^ (Relevant source part starts here and spans across multiple lines).
note[unaliased-plain-import]: use named imports '{A, B}' or alias 'import ".." as X'
 --> contracts\treasury\SimpleInsuranceCalculator.sol:4:8
  |
4 | import "../loan/LoanCore.sol";
  |        ^^^^^^^^^^^^^^^^^^^^^^
  |
  = help: https://book.getfoundry.sh/reference/forge/forge-lint#unaliased-plain-import

note[unaliased-plain-import]: use named imports '{A, B}' or alias 'import ".." as X'
 --> contracts\governance\GovernanceManager.sol:4:8
  |
4 | import "@openzeppelin/contracts/access/AccessControl.sol";
  |        ^^^^^^^^^^^^^^^^^^^^^^^^^^^^^^^^^^^^^^^^^^^^^^^^^^
  |
  = help: https://book.getfoundry.sh/reference/forge/forge-lint#unaliased-plain-import

note[unaliased-plain-import]: use named imports '{A, B}' or alias 'import ".." as X'
 --> contracts\governance\GovernanceManager.sol:5:8
  |
5 | import "@openzeppelin/contracts/utils/ReentrancyGuard.sol";
  |        ^^^^^^^^^^^^^^^^^^^^^^^^^^^^^^^^^^^^^^^^^^^^^^^^^^^
  |
  = help: https://book.getfoundry.sh/reference/forge/forge-lint#unaliased-plain-import

note[unaliased-plain-import]: use named imports '{A, B}' or alias 'import ".." as X'
 --> contracts\treasury\SimpleInsuranceCalculator.sol:5:8
  |
5 | import "../loan/LoanTypes.sol";
  |        ^^^^^^^^^^^^^^^^^^^^^^^
  |
  = help: https://book.getfoundry.sh/reference/forge/forge-lint#unaliased-plain-import

note[unaliased-plain-import]: use named imports '{A, B}' or alias 'import ".." as X'
 --> contracts\treasury\SimpleInsuranceCalculator.sol:6:8
  |
6 | import "../core/interfaces/IInsuranceCalculator.sol";
  |        ^^^^^^^^^^^^^^^^^^^^^^^^^^^^^^^^^^^^^^^^^^^^^
  |
  = help: https://book.getfoundry.sh/reference/forge/forge-lint#unaliased-plain-import

note[unaliased-plain-import]: use named imports '{A, B}' or alias 'import ".." as X'
 --> test\LoanManagerIntergration.t.sol:4:8
  |
4 | import "forge-std/Test.sol";
  |        ^^^^^^^^^^^^^^^^^^^^
  |
  = help: https://book.getfoundry.sh/reference/forge/forge-lint#unaliased-plain-import

note[unaliased-plain-import]: use named imports '{A, B}' or alias 'import ".." as X'
 --> contracts\loan\LoanGuarantors.sol:4:8
  |
4 | import "./LoanTypes.sol";
  |        ^^^^^^^^^^^^^^^^^
  |
  = help: https://book.getfoundry.sh/reference/forge/forge-lint#unaliased-plain-import

note[unaliased-plain-import]: use named imports '{A, B}' or alias 'import ".." as X'
 --> contracts\loan\LoanGuarantors.sol:5:8
  |
5 | import "./LoanCore.sol";
  |        ^^^^^^^^^^^^^^^^
  |
  = help: https://book.getfoundry.sh/reference/forge/forge-lint#unaliased-plain-import

note[unaliased-plain-import]: use named imports '{A, B}' or alias 'import ".." as X'
 --> contracts\loan\LoanGuarantors.sol:6:8
  |
6 | import "./CollateralVault.sol";
  |        ^^^^^^^^^^^^^^^^^^^^^^^
  |
  = help: https://book.getfoundry.sh/reference/forge/forge-lint#unaliased-plain-import

note[unaliased-plain-import]: use named imports '{A, B}' or alias 'import ".." as X'
 --> contracts\loan\LoanGuarantors.sol:7:8
  |
7 | import "@openzeppelin/contracts/utils/ReentrancyGuard.sol";
  |        ^^^^^^^^^^^^^^^^^^^^^^^^^^^^^^^^^^^^^^^^^^^^^^^^^^^
  |
  = help: https://book.getfoundry.sh/reference/forge/forge-lint#unaliased-plain-import

note[unaliased-plain-import]: use named imports '{A, B}' or alias 'import ".." as X'
 --> contracts\membership\MembershipModule.sol:4:8
  |
4 | import "./Membership_Events.sol";
  |        ^^^^^^^^^^^^^^^^^^^^^^^^^
  |
  = help: https://book.getfoundry.sh/reference/forge/forge-lint#unaliased-plain-import

note[unaliased-plain-import]: use named imports '{A, B}' or alias 'import ".." as X'
 --> contracts\membership\MembershipModule.sol:5:8
  |
5 | import "./Membership_Errors.sol";
  |        ^^^^^^^^^^^^^^^^^^^^^^^^^
  |
  = help: https://book.getfoundry.sh/reference/forge/forge-lint#unaliased-plain-import

note[unaliased-plain-import]: use named imports '{A, B}' or alias 'import ".." as X'
 --> contracts\membership\MembershipModule.sol:6:8
  |
6 | import "./Membership_Shares.sol";
  |        ^^^^^^^^^^^^^^^^^^^^^^^^^
  |
  = help: https://book.getfoundry.sh/reference/forge/forge-lint#unaliased-plain-import

note[unaliased-plain-import]: use named imports '{A, B}' or alias 'import ".." as X'
 --> contracts\membership\MembershipModule.sol:7:8
  |
7 | import "./Membership_Types.sol";
  |        ^^^^^^^^^^^^^^^^^^^^^^^^
  |
  = help: https://book.getfoundry.sh/reference/forge/forge-lint#unaliased-plain-import

note[screaming-snake-case-immutable]: immutables should use SCREAMING_SNAKE_CASE
  --> contracts\treasury\SimpleInsuranceCalculator.sol:14:31
   |
14 |     LoanCore public immutable loanCore;
   |                               ^^^^^^^^
   |
   = help: https://book.getfoundry.sh/reference/forge/forge-lint#screaming-snake-case-immutable

note[unaliased-plain-import]: use named imports '{A, B}' or alias 'import ".." as X'
 --> test\MembershipModule.t.sol:4:8
  |
4 | import "forge-std/Test.sol";
  |        ^^^^^^^^^^^^^^^^^^^^
  |
  = help: https://book.getfoundry.sh/reference/forge/forge-lint#unaliased-plain-import

note[unaliased-plain-import]: use named imports '{A, B}' or alias 'import ".." as X'
 --> test\MembershipModule.t.sol:5:8
  |
5 | import "../contracts/membership/MembershipModule.sol";
  |        ^^^^^^^^^^^^^^^^^^^^^^^^^^^^^^^^^^^^^^^^^^^^^^
  |
  = help: https://book.getfoundry.sh/reference/forge/forge-lint#unaliased-plain-import

note[unaliased-plain-import]: use named imports '{A, B}' or alias 'import ".." as X'
 --> contracts\membership\MembershipModule.sol:8:8
  |
8 | import "./MembershipStructs.sol";
  |        ^^^^^^^^^^^^^^^^^^^^^^^^^
  |
  = help: https://book.getfoundry.sh/reference/forge/forge-lint#unaliased-plain-import

note[unaliased-plain-import]: use named imports '{A, B}' or alias 'import ".." as X'
 --> contracts\core\interfaces\ILoanGuarantors.sol:5:8
  |
5 | import "../../loan/LoanTypes.sol";
  |        ^^^^^^^^^^^^^^^^^^^^^^^^^^
  |
  = help: https://book.getfoundry.sh/reference/forge/forge-lint#unaliased-plain-import

note[unaliased-plain-import]: use named imports '{A, B}' or alias 'import ".." as X'
 --> contracts\governance\GovernanceModule.sol:4:8
  |
4 | import "@openzeppelin/contracts/access/AccessControl.sol";
  |        ^^^^^^^^^^^^^^^^^^^^^^^^^^^^^^^^^^^^^^^^^^^^^^^^^^
  |
  = help: https://book.getfoundry.sh/reference/forge/forge-lint#unaliased-plain-import

note[unaliased-plain-import]: use named imports '{A, B}' or alias 'import ".." as X'
 --> contracts\governance\GovernanceModule.sol:5:8
  |
5 | import "@openzeppelin/contracts/utils/ReentrancyGuard.sol";
  |        ^^^^^^^^^^^^^^^^^^^^^^^^^^^^^^^^^^^^^^^^^^^^^^^^^^^
  |
  = help: https://book.getfoundry.sh/reference/forge/forge-lint#unaliased-plain-import

note[unaliased-plain-import]: use named imports '{A, B}' or alias 'import ".." as X'
 --> contracts\core\interfaces\IMembershipModule.sol:4:8
  |
4 | import "../../membership/Membership_Types.sol";
  |        ^^^^^^^^^^^^^^^^^^^^^^^^^^^^^^^^^^^^^^^
  |
  = help: https://book.getfoundry.sh/reference/forge/forge-lint#unaliased-plain-import

note[unwrapped-modifier-logic]: wrap modifier logic to reduce code size
  --> contracts\membership\MembershipModule.sol:32:14
   |
32 |     modifier onlyAdmin() {
   |              ^^^^^^^^^
   |
   = note: wrap modifier logic to reduce code size
           
           - modifier onlyAdmin() {
           -     if (msg.sender != admin) revert MembershipErrors.NotAuthorized();
           -     _;
           - }
           + modifier onlyAdmin() {
           +     _onlyAdmin();
           +     _;
           + }
           + 
           + function _onlyAdmin() internal {
           +     if (msg.sender != admin) revert MembershipErrors.NotAuthorized();
           + }
           
           
   = help: https://book.getfoundry.sh/reference/forge/forge-lint#unwrapped-modifier-logic

note[unaliased-plain-import]: use named imports '{A, B}' or alias 'import ".." as X'
 --> contracts\loan\LoanManager.sol:4:8
  |
4 | import "@openzeppelin/contracts/access/AccessControl.sol";
  |        ^^^^^^^^^^^^^^^^^^^^^^^^^^^^^^^^^^^^^^^^^^^^^^^^^^
  |
  = help: https://book.getfoundry.sh/reference/forge/forge-lint#unaliased-plain-import

note[unaliased-plain-import]: use named imports '{A, B}' or alias 'import ".." as X'
 --> contracts\loan\LoanManager.sol:5:8
  |
5 | import "@openzeppelin/contracts/proxy/utils/Initializable.sol";
  |        ^^^^^^^^^^^^^^^^^^^^^^^^^^^^^^^^^^^^^^^^^^^^^^^^^^^^^^^
  |
  = help: https://book.getfoundry.sh/reference/forge/forge-lint#unaliased-plain-import

note[unaliased-plain-import]: use named imports '{A, B}' or alias 'import ".." as X'
 --> contracts\loan\LoanManager.sol:6:8
  |
6 | import "@openzeppelin/contracts/utils/ReentrancyGuard.sol";
  |        ^^^^^^^^^^^^^^^^^^^^^^^^^^^^^^^^^^^^^^^^^^^^^^^^^^^
  |
  = help: https://book.getfoundry.sh/reference/forge/forge-lint#unaliased-plain-import

note[unaliased-plain-import]: use named imports '{A, B}' or alias 'import ".." as X'
 --> contracts\loan\LoanManager.sol:8:8
  |
8 | import "../core/interfaces/IMembershipModule.sol";
  |        ^^^^^^^^^^^^^^^^^^^^^^^^^^^^^^^^^^^^^^^^^^
  |
  = help: https://book.getfoundry.sh/reference/forge/forge-lint#unaliased-plain-import

note[unaliased-plain-import]: use named imports '{A, B}' or alias 'import ".." as X'
 --> contracts\loan\LoanManager.sol:9:8
  |
9 | import "./LoanCore.sol";
  |        ^^^^^^^^^^^^^^^^
  |
  = help: https://book.getfoundry.sh/reference/forge/forge-lint#unaliased-plain-import

note[unaliased-plain-import]: use named imports '{A, B}' or alias 'import ".." as X'
  --> contracts\loan\LoanManager.sol:10:8
   |
10 | import "./LoanLogic.sol";
   |        ^^^^^^^^^^^^^^^^^
   |
   = help: https://book.getfoundry.sh/reference/forge/forge-lint#unaliased-plain-import

note[unaliased-plain-import]: use named imports '{A, B}' or alias 'import ".." as X'
  --> contracts\loan\LoanManager.sol:11:8
   |
11 | import "./LoanTypes.sol";
   |        ^^^^^^^^^^^^^^^^^
   |
   = help: https://book.getfoundry.sh/reference/forge/forge-lint#unaliased-plain-import

note[unaliased-plain-import]: use named imports '{A, B}' or alias 'import ".." as X'
 --> test\MembershipModule.t.sol:6:8
  |
6 | import "../contracts/membership/Membership_Types.sol";
  |        ^^^^^^^^^^^^^^^^^^^^^^^^^^^^^^^^^^^^^^^^^^^^^^
  |
  = help: https://book.getfoundry.sh/reference/forge/forge-lint#unaliased-plain-import

note[unwrapped-modifier-logic]: wrap modifier logic to reduce code size
 --> contracts\treasury\WalletManager\InternalSmartWallet.sol:9:14
  |
9 |     modifier onlyOwner() {
  |              ^^^^^^^^^
  |
  = note: wrap modifier logic to reduce code size
          
          - modifier onlyOwner() {
          -     require(msg.sender == owner, "Not owner");
          -     _;
          - }
          + modifier onlyOwner() {
          +     _onlyOwner();
          +     _;
          + }
          + 
          + function _onlyOwner() internal {
          +     require(msg.sender == owner, "Not owner");
          + }
          
          
  = help: https://book.getfoundry.sh/reference/forge/forge-lint#unwrapped-modifier-logic

note[unaliased-plain-import]: use named imports '{A, B}' or alias 'import ".." as X'
 --> contracts\treasury\WalletManager\WalletFactory.sol:4:8
  |
4 | import "./InternalSmartWallet.sol";
  |        ^^^^^^^^^^^^^^^^^^^^^^^^^^^
  |
  = help: https://book.getfoundry.sh/reference/forge/forge-lint#unaliased-plain-import

note[screaming-snake-case-immutable]: immutables should use SCREAMING_SNAKE_CASE
  --> contracts\loan\LoanGuarantors.sol:34:31
   |
34 |     LoanCore public immutable loanCore;
   |                               ^^^^^^^^
   |
   = help: https://book.getfoundry.sh/reference/forge/forge-lint#screaming-snake-case-immutable

note[screaming-snake-case-immutable]: immutables should use SCREAMING_SNAKE_CASE
  --> contracts\loan\LoanGuarantors.sol:35:38
   |
35 |     CollateralVault public immutable collateralVault;
   |                                      ^^^^^^^^^^^^^^^
   |
   = help: https://book.getfoundry.sh/reference/forge/forge-lint#screaming-snake-case-immutable

note[screaming-snake-case-immutable]: immutables should use SCREAMING_SNAKE_CASE
 --> contracts\treasury\WalletManager\OverrideManager.sol:7:30
  |
7 |     address public immutable owner;
  |                              ^^^^^
  |
  = help: https://book.getfoundry.sh/reference/forge/forge-lint#screaming-snake-case-immutable

note[unaliased-plain-import]: use named imports '{A, B}' or alias 'import ".." as X'
 --> script\Deploy.s.sol:4:8
  |
4 | import "forge-std/Script.sol";
  |        ^^^^^^^^^^^^^^^^^^^^^^
  |
  = help: https://book.getfoundry.sh/reference/forge/forge-lint#unaliased-plain-import

note[unaliased-plain-import]: use named imports '{A, B}' or alias 'import ".." as X'
 --> contracts\governance\GovernanceModule.sol:6:8
  |
6 | import "@openzeppelin/contracts/governance/TimelockController.sol";
  |        ^^^^^^^^^^^^^^^^^^^^^^^^^^^^^^^^^^^^^^^^^^^^^^^^^^^^^^^^^^^
  |
  = help: https://book.getfoundry.sh/reference/forge/forge-lint#unaliased-plain-import

note[unaliased-plain-import]: use named imports '{A, B}' or alias 'import ".." as X'
 --> contracts\governance\GovernanceModule.sol:8:8
  |
8 | import "./GovernanceManager.sol";
  |        ^^^^^^^^^^^^^^^^^^^^^^^^^
  |
  = help: https://book.getfoundry.sh/reference/forge/forge-lint#unaliased-plain-import

note[unaliased-plain-import]: use named imports '{A, B}' or alias 'import ".." as X'
 --> contracts\governance\GovernanceModule.sol:9:8
  |
9 | import "./GovernanceMultisig.sol";
  |        ^^^^^^^^^^^^^^^^^^^^^^^^^^
  |
  = help: https://book.getfoundry.sh/reference/forge/forge-lint#unaliased-plain-import

note[unaliased-plain-import]: use named imports '{A, B}' or alias 'import ".." as X'
  --> contracts\governance\GovernanceModule.sol:10:8
   |
10 | import "../loan/LoanCore.sol";
   |        ^^^^^^^^^^^^^^^^^^^^^^
   |
   = help: https://book.getfoundry.sh/reference/forge/forge-lint#unaliased-plain-import

note[unwrapped-modifier-logic]: wrap modifier logic to reduce code size
  --> contracts\treasury\WalletManager\InternalSmartWallet.sol:14:14
   |
14 |     modifier onlyAuthorized() {
   |              ^^^^^^^^^^^^^^
   |
   = note: wrap modifier logic to reduce code size
           
           - modifier onlyAuthorized() {
           -     require(msg.sender == owner || sessionKeys[msg.sender], "Unauthorized");
           -     _;
           - }
           + modifier onlyAuthorized() {
           +     _onlyAuthorized();
           +     _;
           + }
           + 
           + function _onlyAuthorized() internal {
           +     require(msg.sender == owner || sessionKeys[msg.sender], "Unauthorized");
           + }
           
           
   = help: https://book.getfoundry.sh/reference/forge/forge-lint#unwrapped-modifier-logic

note[unwrapped-modifier-logic]: wrap modifier logic to reduce code size
  --> contracts\membership\MembershipModule.sol:37:14
   |
37 |     modifier onlyApprover() {
   |              ^^^^^^^^^^^^
   |
   = note: wrap modifier logic to reduce code size
           
           - modifier onlyApprover() {
           -     if (!approvers[msg.sender]) revert MembershipErrors.NotAnApprover();
           -     _;
           - }
           + modifier onlyApprover() {
           +     _onlyApprover();
           +     _;
           + }
           + 
           + function _onlyApprover() internal {
           +     if (!approvers[msg.sender]) revert MembershipErrors.NotAnApprover();
           + }
           
           
   = help: https://book.getfoundry.sh/reference/forge/forge-lint#unwrapped-modifier-logic

note[unwrapped-modifier-logic]: wrap modifier logic to reduce code size
  --> contracts\treasury\WalletManager\OverrideManager.sol:15:14
   |
15 |     modifier onlyOwner() {
   |              ^^^^^^^^^
   |
   = note: wrap modifier logic to reduce code size
           
           - modifier onlyOwner() {
           -     require(msg.sender == owner, "OverrideManager: not authorized");
           -     _;
           - }
           + modifier onlyOwner() {
           +     _onlyOwner();
           +     _;
           + }
           + 
           + function _onlyOwner() internal {
           +     require(msg.sender == owner, "OverrideManager: not authorized");
           + }
           
           
   = help: https://book.getfoundry.sh/reference/forge/forge-lint#unwrapped-modifier-logic

note[unaliased-plain-import]: use named imports '{A, B}' or alias 'import ".." as X'
 --> contracts\loan\LoanRegistry.sol:4:8
  |
4 | import "./LoanTypes.sol";
  |        ^^^^^^^^^^^^^^^^^
  |
  = help: https://book.getfoundry.sh/reference/forge/forge-lint#unaliased-plain-import

note[unaliased-plain-import]: use named imports '{A, B}' or alias 'import ".." as X'
 --> contracts\loan\LoanRegistry.sol:5:8
  |
5 | import "@openzeppelin/contracts/access/AccessControl.sol";
  |        ^^^^^^^^^^^^^^^^^^^^^^^^^^^^^^^^^^^^^^^^^^^^^^^^^^
  |
  = help: https://book.getfoundry.sh/reference/forge/forge-lint#unaliased-plain-import

note[unaliased-plain-import]: use named imports '{A, B}' or alias 'import ".." as X'
 --> contracts\governance\GovernanceMultisig.sol:4:8
  |
4 | import "@openzeppelin/contracts/governance/TimelockController.sol";
  |        ^^^^^^^^^^^^^^^^^^^^^^^^^^^^^^^^^^^^^^^^^^^^^^^^^^^^^^^^^^^
  |
  = help: https://book.getfoundry.sh/reference/forge/forge-lint#unaliased-plain-import

note[unaliased-plain-import]: use named imports '{A, B}' or alias 'import ".." as X'
 --> contracts\treasury\WalletManager\WalletManager.sol:4:8
  |
4 | import "@openzeppelin/contracts/access/AccessControl.sol";
  |        ^^^^^^^^^^^^^^^^^^^^^^^^^^^^^^^^^^^^^^^^^^^^^^^^^^
  |
  = help: https://book.getfoundry.sh/reference/forge/forge-lint#unaliased-plain-import

note[unaliased-plain-import]: use named imports '{A, B}' or alias 'import ".." as X'
 --> contracts\treasury\WalletManager\WalletManager.sol:5:8
  |
5 | import "@openzeppelin/contracts/utils/Address.sol";
  |        ^^^^^^^^^^^^^^^^^^^^^^^^^^^^^^^^^^^^^^^^^^^
  |
  = help: https://book.getfoundry.sh/reference/forge/forge-lint#unaliased-plain-import

note[unaliased-plain-import]: use named imports '{A, B}' or alias 'import ".." as X'
 --> contracts\treasury\WalletManager\WalletManager.sol:6:8
  |
6 | import "../../core/interfaces/IMembershipModule.sol";
  |        ^^^^^^^^^^^^^^^^^^^^^^^^^^^^^^^^^^^^^^^^^^^^^
  |
  = help: https://book.getfoundry.sh/reference/forge/forge-lint#unaliased-plain-import

note[unaliased-plain-import]: use named imports '{A, B}' or alias 'import ".." as X'
 --> contracts\treasury\WalletManager\WalletManager.sol:7:8
  |
7 | import "../../core/interfaces/IWalletFactory.sol";
  |        ^^^^^^^^^^^^^^^^^^^^^^^^^^^^^^^^^^^^^^^^^^
  |
  = help: https://book.getfoundry.sh/reference/forge/forge-lint#unaliased-plain-import

note[unaliased-plain-import]: use named imports '{A, B}' or alias 'import ".." as X'
 --> contracts\treasury\WalletManager\WalletManager.sol:8:8
  |
8 | import "../../core/interfaces/IFeeManager.sol";
  |        ^^^^^^^^^^^^^^^^^^^^^^^^^^^^^^^^^^^^^^^
  |
  = help: https://book.getfoundry.sh/reference/forge/forge-lint#unaliased-plain-import

note[unaliased-plain-import]: use named imports '{A, B}' or alias 'import ".." as X'
 --> contracts\treasury\WalletManager\WalletManager.sol:9:8
  |
9 | import "../WalletManager/WalletEvents.sol";
  |        ^^^^^^^^^^^^^^^^^^^^^^^^^^^^^^^^^^^
  |
  = help: https://book.getfoundry.sh/reference/forge/forge-lint#unaliased-plain-import

note[unaliased-plain-import]: use named imports '{A, B}' or alias 'import ".." as X'
 --> contracts\loan\CollateralVault.sol:4:8
  |
4 | import "./LoanTypes.sol";
  |        ^^^^^^^^^^^^^^^^^
  |
  = help: https://book.getfoundry.sh/reference/forge/forge-lint#unaliased-plain-import

note[unaliased-plain-import]: use named imports '{A, B}' or alias 'import ".." as X'
 --> contracts\loan\CollateralVault.sol:5:8
  |
5 | import "./LoanCore.sol";
  |        ^^^^^^^^^^^^^^^^
  |
  = help: https://book.getfoundry.sh/reference/forge/forge-lint#unaliased-plain-import

note[unaliased-plain-import]: use named imports '{A, B}' or alias 'import ".." as X'
 --> contracts\loan\CollateralVault.sol:6:8
  |
6 | import "@openzeppelin/contracts/token/ERC20/IERC20.sol";
  |        ^^^^^^^^^^^^^^^^^^^^^^^^^^^^^^^^^^^^^^^^^^^^^^^^
  |
  = help: https://book.getfoundry.sh/reference/forge/forge-lint#unaliased-plain-import

note[unaliased-plain-import]: use named imports '{A, B}' or alias 'import ".." as X'
 --> contracts\loan\CollateralVault.sol:7:8
  |
7 | import "@openzeppelin/contracts/token/ERC721/IERC721.sol";
  |        ^^^^^^^^^^^^^^^^^^^^^^^^^^^^^^^^^^^^^^^^^^^^^^^^^^
  |
  = help: https://book.getfoundry.sh/reference/forge/forge-lint#unaliased-plain-import

note[unaliased-plain-import]: use named imports '{A, B}' or alias 'import ".." as X'
 --> contracts\treasury\WalletManager\Relayer.sol:5:8
  |
5 | import "@openzeppelin/contracts/utils/ReentrancyGuard.sol";
  |        ^^^^^^^^^^^^^^^^^^^^^^^^^^^^^^^^^^^^^^^^^^^^^^^^^^^
  |
  = help: https://book.getfoundry.sh/reference/forge/forge-lint#unaliased-plain-import

note[unaliased-plain-import]: use named imports '{A, B}' or alias 'import ".." as X'
 --> contracts\treasury\WalletManager\Relayer.sol:6:8
  |
6 | import "../../core/interfaces/IFeeManager.sol";
  |        ^^^^^^^^^^^^^^^^^^^^^^^^^^^^^^^^^^^^^^^
  |
  = help: https://book.getfoundry.sh/reference/forge/forge-lint#unaliased-plain-import

note[unaliased-plain-import]: use named imports '{A, B}' or alias 'import ".." as X'
 --> contracts\treasury\WalletManager\Relayer.sol:7:8
  |
7 | import "./InternalSmartWallet.sol";
  |        ^^^^^^^^^^^^^^^^^^^^^^^^^^^
  |
  = help: https://book.getfoundry.sh/reference/forge/forge-lint#unaliased-plain-import

note[unaliased-plain-import]: use named imports '{A, B}' or alias 'import ".." as X'
 --> contracts\loan\CollateralVault.sol:8:8
  |
8 | import "@openzeppelin/contracts/token/ERC1155/IERC1155.sol";
  |        ^^^^^^^^^^^^^^^^^^^^^^^^^^^^^^^^^^^^^^^^^^^^^^^^^^^^
  |
  = help: https://book.getfoundry.sh/reference/forge/forge-lint#unaliased-plain-import

note[unaliased-plain-import]: use named imports '{A, B}' or alias 'import ".." as X'
 --> contracts\loan\CollateralVault.sol:9:8
  |
9 | import "@openzeppelin/contracts/token/ERC20/utils/SafeERC20.sol";
  |        ^^^^^^^^^^^^^^^^^^^^^^^^^^^^^^^^^^^^^^^^^^^^^^^^^^^^^^^^^
  |
  = help: https://book.getfoundry.sh/reference/forge/forge-lint#unaliased-plain-import

note[unaliased-plain-import]: use named imports '{A, B}' or alias 'import ".." as X'
  --> contracts\loan\CollateralVault.sol:10:8
   |
10 | import "@openzeppelin/contracts/utils/ReentrancyGuard.sol";
   |        ^^^^^^^^^^^^^^^^^^^^^^^^^^^^^^^^^^^^^^^^^^^^^^^^^^^
   |
   = help: https://book.getfoundry.sh/reference/forge/forge-lint#unaliased-plain-import

note[mixed-case-variable]: mutable variables should use mixedCase
  --> contracts\treasury\WalletManager\Relayer.sol:10:20
   |
10 |     bytes32 public DOMAIN_SEPARATOR;
   |                    ^^^^^^^^^^^^^^^^
   |
   = help: https://book.getfoundry.sh/reference/forge/forge-lint#mixed-case-variable

note[unaliased-plain-import]: use named imports '{A, B}' or alias 'import ".." as X'
 --> contracts\loan\LoanCore.sol:4:8
  |
4 | import "@openzeppelin/contracts/access/AccessControl.sol";
  |        ^^^^^^^^^^^^^^^^^^^^^^^^^^^^^^^^^^^^^^^^^^^^^^^^^^
  |
  = help: https://book.getfoundry.sh/reference/forge/forge-lint#unaliased-plain-import

note[unaliased-plain-import]: use named imports '{A, B}' or alias 'import ".." as X'
 --> contracts\loan\LoanCore.sol:5:8
  |
5 | import "./LoanTypes.sol";
  |        ^^^^^^^^^^^^^^^^^
  |
  = help: https://book.getfoundry.sh/reference/forge/forge-lint#unaliased-plain-import

note[named-struct-fields]: prefer initializing structs with named fields
  --> contracts\loan\LoanRegistry.sol:51:28
   |
51 |         loanById[loanId] = LoanIndex(loanId, borrower, loanType, status);
   |                            ^^^^^^^^^^^^^^^^^^^^^^^^^^^^^^^^^^^^^^^^^^^^^
   |
   = help: https://book.getfoundry.sh/reference/forge/forge-lint#named-struct-fields

note[screaming-snake-case-immutable]: immutables should use SCREAMING_SNAKE_CASE
  --> contracts\loan\CollateralVault.sol:30:31
   |
30 |     LoanCore public immutable loanCore;
   |                               ^^^^^^^^
   |
   = help: https://book.getfoundry.sh/reference/forge/forge-lint#screaming-snake-case-immutable

note[unaliased-plain-import]: use named imports '{A, B}' or alias 'import ".." as X'
 --> contracts\governance\TimelockController.sol:4:8
  |
4 | import "@openzeppelin/contracts/access/AccessControl.sol";
  |        ^^^^^^^^^^^^^^^^^^^^^^^^^^^^^^^^^^^^^^^^^^^^^^^^^^
  |
  = help: https://book.getfoundry.sh/reference/forge/forge-lint#unaliased-plain-import

note[unaliased-plain-import]: use named imports '{A, B}' or alias 'import ".." as X'
 --> contracts\governance\TimelockController.sol:5:8
  |
5 | import "@openzeppelin/contracts/utils/ReentrancyGuard.sol";
  |        ^^^^^^^^^^^^^^^^^^^^^^^^^^^^^^^^^^^^^^^^^^^^^^^^^^^
  |
  = help: https://book.getfoundry.sh/reference/forge/forge-lint#unaliased-plain-import

note[unwrapped-modifier-logic]: wrap modifier logic to reduce code size
  --> contracts\loan\CollateralVault.sol:64:14
   |
64 |     modifier onlyLoanGuarantors() {
   |              ^^^^^^^^^^^^^^^^^^
   |
   = note: wrap modifier logic to reduce code size
           
           - modifier onlyLoanGuarantors() {
           -     require(msg.sender == loanGuarantors, "CollateralVault: Only LoanGuarantors");
           -     _;
           - }
           + modifier onlyLoanGuarantors() {
           +     _onlyLoanGuarantors();
           +     _;
           + }
           + 
           + function _onlyLoanGuarantors() internal {
           +     require(msg.sender == loanGuarantors, "CollateralVault: Only LoanGuarantors");
           + }
           
           
   = help: https://book.getfoundry.sh/reference/forge/forge-lint#unwrapped-modifier-logic

note[asm-keccak256]: use of inefficient hashing mechanism; consider using inline assembly
  --> contracts\governance\TimelockController.sol:82:16
   |
82 |         return keccak256(abi.encode(target, value, data, predecessor, salt));
   |                ^^^^^^^^^^^^^^^^^^^^^^^^^^^^^^^^^^^^^^^^^^^^^^^^^^^^^^^^^^^^^
   |
   = help: https://book.getfoundry.sh/reference/forge/forge-lint#asm-keccak256

note[asm-keccak256]: use of inefficient hashing mechanism; consider using inline assembly
  --> contracts\treasury\WalletManager\Relayer.sol:59:30
   |
59 |           bytes32 structHash = keccak256(abi.encode(
   |  ______________________________^
60 | |             META_TX_TYPEHASH,
61 | |             from,
62 | |             to,
...  |
65 | |             fee
66 | |         ));
   | |__________^
   |
   = help: https://book.getfoundry.sh/reference/forge/forge-lint#asm-keccak256

note[unaliased-plain-import]: use named imports '{A, B}' or alias 'import ".." as X'
 --> contracts\loan\LoanRequestManager.sol:4:8
  |
4 | import "./LoanCore.sol";
  |        ^^^^^^^^^^^^^^^^
  |
  = help: https://book.getfoundry.sh/reference/forge/forge-lint#unaliased-plain-import

note[unaliased-plain-import]: use named imports '{A, B}' or alias 'import ".." as X'
 --> contracts\loan\LoanRequestManager.sol:5:8
  |
5 | import "./LoanGuarantors.sol";
  |        ^^^^^^^^^^^^^^^^^^^^^^
  |
  = help: https://book.getfoundry.sh/reference/forge/forge-lint#unaliased-plain-import

note[unaliased-plain-import]: use named imports '{A, B}' or alias 'import ".." as X'
 --> contracts\loan\LoanRequestManager.sol:6:8
  |
6 | import "../core/interfaces/IMembershipModule.sol";
  |        ^^^^^^^^^^^^^^^^^^^^^^^^^^^^^^^^^^^^^^^^^^
  |
  = help: https://book.getfoundry.sh/reference/forge/forge-lint#unaliased-plain-import

note[unaliased-plain-import]: use named imports '{A, B}' or alias 'import ".." as X'
 --> contracts\loan\LoanRequestManager.sol:7:8
  |
7 | import "@openzeppelin/contracts/access/AccessControl.sol";
  |        ^^^^^^^^^^^^^^^^^^^^^^^^^^^^^^^^^^^^^^^^^^^^^^^^^^
  |
  = help: https://book.getfoundry.sh/reference/forge/forge-lint#unaliased-plain-import

note[unaliased-plain-import]: use named imports '{A, B}' or alias 'import ".." as X'
 --> contracts\loan\LoanRequestManager.sol:8:8
  |
8 | import "./LoanTypes.sol";
  |        ^^^^^^^^^^^^^^^^^
  |
  = help: https://book.getfoundry.sh/reference/forge/forge-lint#unaliased-plain-import

note[asm-keccak256]: use of inefficient hashing mechanism; consider using inline assembly
  --> contracts\treasury\WalletManager\Relayer.sol:68:26
   |
68 |         bytes32 digest = keccak256(abi.encodePacked("\x19\x01", DOMAIN_SEPARATOR, structHash));
   |                          ^^^^^^^^^^^^^^^^^^^^^^^^^^^^^^^^^^^^^^^^^^^^^^^^^^^^^^^^^^^^^^^^^^^^^
   |
   = help: https://book.getfoundry.sh/reference/forge/forge-lint#asm-keccak256

note[unwrapped-modifier-logic]: wrap modifier logic to reduce code size
  --> contracts\loan\LoanCore.sol:38:14
   |
38 |     modifier onlyCore() {
   |              ^^^^^^^^
   |
   = note: wrap modifier logic to reduce code size
           
           - modifier onlyCore() {
           -     // Either CORE_ROLE or LOGIC_ROLE can act as "core"
           -     require(
           -         hasRole(CORE_ROLE, msg.sender) || hasRole(LOGIC_ROLE, msg.sender),
           -         "LoanCore: caller not authorized"
           -     );
           -     _;
           - }
           + modifier onlyCore() {
           +     _onlyCore();
           +     _;
           + }
           + 
           + function _onlyCore() internal {
           +     require(
           +         hasRole(CORE_ROLE, msg.sender) || hasRole(LOGIC_ROLE, msg.sender),
           +         "LoanCore: caller not authorized"
           +     );
           + }
           
           
   = help: https://book.getfoundry.sh/reference/forge/forge-lint#unwrapped-modifier-logic

note[unaliased-plain-import]: use named imports '{A, B}' or alias 'import ".." as X'
 --> contracts\loan\LoanLogic.sol:4:8
  |
4 | import "@openzeppelin/contracts/access/AccessControl.sol";
  |        ^^^^^^^^^^^^^^^^^^^^^^^^^^^^^^^^^^^^^^^^^^^^^^^^^^
  |
  = help: https://book.getfoundry.sh/reference/forge/forge-lint#unaliased-plain-import

note[unaliased-plain-import]: use named imports '{A, B}' or alias 'import ".." as X'
 --> contracts\loan\LoanLogic.sol:5:8
  |
5 | import "@openzeppelin/contracts/utils/ReentrancyGuard.sol";
  |        ^^^^^^^^^^^^^^^^^^^^^^^^^^^^^^^^^^^^^^^^^^^^^^^^^^^
  |
  = help: https://book.getfoundry.sh/reference/forge/forge-lint#unaliased-plain-import

note[unwrapped-modifier-logic]: wrap modifier logic to reduce code size
  --> contracts\loan\CollateralVault.sol:69:14
   |
69 |     modifier onlyLoanGuarantorsOrCore() {
   |              ^^^^^^^^^^^^^^^^^^^^^^^^
   |
   = note: wrap modifier logic to reduce code size
           
           - modifier onlyLoanGuarantorsOrCore() {
           -     require(msg.sender == loanGuarantors || msg.sender == address(loanCore), "CollateralVault: Not authorized");
           -     _;
           - }
           + modifier onlyLoanGuarantorsOrCore() {
           +     _onlyLoanGuarantorsOrCore();
           +     _;
           + }
           + 
           + function _onlyLoanGuarantorsOrCore() internal {
           +     require(msg.sender == loanGuarantors || msg.sender == address(loanCore), "CollateralVault: Not authorized");
           + }
           
           
   = help: https://book.getfoundry.sh/reference/forge/forge-lint#unwrapped-modifier-logic

note[unaliased-plain-import]: use named imports '{A, B}' or alias 'import ".." as X'
 --> contracts\loan\LoanLogic.sol:6:8
  |
6 | import "./LoanTypes.sol";
  |        ^^^^^^^^^^^^^^^^^
  |
  = help: https://book.getfoundry.sh/reference/forge/forge-lint#unaliased-plain-import

note[unaliased-plain-import]: use named imports '{A, B}' or alias 'import ".." as X'
 --> contracts\loan\LoanLogic.sol:7:8
  |
7 | import "./LoanCore.sol";
  |        ^^^^^^^^^^^^^^^^
  |
  = help: https://book.getfoundry.sh/reference/forge/forge-lint#unaliased-plain-import

note[unaliased-plain-import]: use named imports '{A, B}' or alias 'import ".." as X'
 --> contracts\loan\LoanLogic.sol:8:8
  |
8 | import "./LoanGuarantors.sol";
  |        ^^^^^^^^^^^^^^^^^^^^^^
  |
  = help: https://book.getfoundry.sh/reference/forge/forge-lint#unaliased-plain-import
$ forge test -vv
No files changed, compilation skipped

Ran 1 test for test/LoanManagerIntergration.t.sol:LoanManagerTest
[FAIL: NoPendingApplication()] setUp() (gas: 0)
Suite result: FAILED. 0 passed; 1 failed; 0 skipped; finished in 557.30Âµs (0.00ns CPU time)

Ran 2 tests for test/SampleTest.t.sol:SampleTest
[PASS] testAddition() (gas: 532)
[PASS] testSubtraction() (gas: 400)
Suite result: ok. 2 passed; 0 failed; 0 skipped; finished in 179.50Âµs (130.70Âµs CPU time)

Ran 7 tests for test/MembershipModule.t.sol:MembershipModuleTest
[PASS] testAddRemoveApprover() (gas: 28752)
[PASS] testApproveMembership() (gas: 449152)
[PASS] testDeposit() (gas: 459625)
[FAIL: assertion failed: 0x000000000000000000000000000000000000bEEF != 0x000000000000000000000000000000000000FEeD] testFullMembershipLifecycle() (gas: 619002)
[PASS] testSubmitBiodata() (gas: 249207)
[PASS] testSubmitBiodataFailsTwice() (gas: 244021)
[FAIL: assertion failed: 0x000000000000000000000000000000000000bEEF != 0x000000000000000000000000000000000000c0DE] testWalletChange() (gas: 555132)
Suite result: FAILED. 5 passed; 2 failed; 0 skipped; finished in 762.60Âµs (1.35ms CPU time)

Ran 3 test suites in 10.78ms (1.50ms CPU time): 7 tests passed, 3 failed, 0 skipped (10 total tests)

Failing tests:
Encountered 1 failing test in test/LoanManagerIntergration.t.sol:LoanManagerTest
[FAIL: NoPendingApplication()] setUp() (gas: 0)

Encountered 2 failing tests in test/MembershipModule.t.sol:MembershipModuleTest
[FAIL: assertion failed: 0x000000000000000000000000000000000000bEEF != 0x000000000000000000000000000000000000FEeD] testFullMembershipLifecycle() (gas: 619002)
[FAIL: assertion failed: 0x000000000000000000000000000000000000bEEF != 0x000000000000000000000000000000000000c0DE] testWalletChange() (gas: 555132)

Encountered a total of 3 failing tests, 7 tests succeeded
Stage 1 completed successfully.
======================================================================
STAGE 2: Ensure local Anvil chain
Started at 2025-11-26T17:58:31.077919
======================================================================
Detected running Anvil instance. Reusing it.
======================================================================
STAGE 3: Deploy contracts and capture artifacts
Started at 2025-11-26T17:58:31.104871
======================================================================
Executing deployment: forge script C:\Users\kefak\Projects\Blockchain+Projects\VaultChainAfrica_v1\script\Deploy.s.sol --rpc-url http://127.0.0.1:8545 --broadcast --chain-id 31337
No deployed contracts detected. Ensure Deploy.s.sol prints 'DeployedContract:ContractName:0x...' for each contract.
Deployment stage completed successfully.
No deployment summary found at C:\Users\kefak\Projects\Blockchain+Projects\VaultChainAfrica_v1\vc_automation\deployments\31337\deployment_summary_2025-11-26_17-58-18.json. Cannot proceed.
All automation stages completed. Logs stored at: C:\Users\kefak\Projects\Blockchain+Projects\VaultChainAfrica_v1\vc_automation\logs\automation_2025-11-26_17-58-18.log
